// Jest Snapshot v1, https://goo.gl/fbAQLP

exports[`TransactionSerializer #toHuman({
  moduleID: 2,
  assetID: 0,
  asset: [Object],
  senderPublicKey: '5e93fd5cfe306ea2c34d7082a6c79692cf2f5c6e07aa6f9b4a11b4917d33f16b',
  nonce: '3',
  fee: '207000',
  signatures: [Array],
  id: '73413ba3034d67f794b5c151c0a148b058ee476415c631e5f3d68d37c7b64db0'
}) 1`] = `
Object {
  "asset": Object {
    "amount": "100000000",
    "data": "",
    "recipientAddress": "lsk72fxrb264kvw6zuojntmzzsqds35sqvfzz76d7",
  },
  "assetID": 0,
  "fee": "207000",
  "id": "73413ba3034d67f794b5c151c0a148b058ee476415c631e5f3d68d37c7b64db0",
  "moduleID": 2,
  "nonce": "3",
  "senderPublicKey": "5e93fd5cfe306ea2c34d7082a6c79692cf2f5c6e07aa6f9b4a11b4917d33f16b",
  "signatures": Array [
    "64e1c880e844f970e46ebdcc7c9c89a80bf8618de82706f3873ee91fa666657de610a8899f1370664721cdcb08eb5ac1e12aa6e1611b85a12050711aca478604",
  ],
}
`;

exports[`TransactionSerializer #toHuman({
  moduleID: 4,
  assetID: 0,
  asset: [Object],
  senderPublicKey: '5e93fd5cfe306ea2c34d7082a6c79692cf2f5c6e07aa6f9b4a11b4917d33f16b',
  nonce: '3',
  fee: '207000',
  signatures: [Array],
  id: '73413ba3034d67f794b5c151c0a148b058ee476415c631e5f3d68d37c7b64db0'
}) 1`] = `
Object {
  "asset": Object {
    "mandatoryKeys": Array [
      "5948cc0565a3e9320c7442cecb62acdc92b428a0da504c52afb3e84a025d221f",
      "a3c22fd67483ae07134c93224384dac7206c40b1b7a14186dd2d3f0dcc8234ff",
    ],
    "numberOfSignatures": 2,
    "optionalKeys": Array [],
  },
  "assetID": 0,
  "fee": "207000",
  "id": "73413ba3034d67f794b5c151c0a148b058ee476415c631e5f3d68d37c7b64db0",
  "moduleID": 4,
  "nonce": "3",
  "senderPublicKey": "5e93fd5cfe306ea2c34d7082a6c79692cf2f5c6e07aa6f9b4a11b4917d33f16b",
  "signatures": Array [
    "fbedfba740b75c2c4ab3fee0422a0d65b0995b009d83e75c40bdb6f0653814dc9719a20c99af9ef4980eb8f7c67d4b3147023869e330003036ad2781227a5604",
    "fbedfba740b75c2c4ab3fee0422a0d65b0995b009d83e75c40bdb6f0653814dc9719a20c99af9ef4980eb8f7c67d4b3147023869e330003036ad2781227a5604",
    "d9ef77f025ad25ccb9871c1e931906345c621726f68fab057afaf5ecd85497ae2205178057c4f37ea1687a69f84140b74b159b086da560d6b8870a2a7fc90505",
  ],
}
`;

exports[`TransactionSerializer #toHuman({
  moduleID: 5,
  assetID: 0,
  asset: [Object],
  senderPublicKey: '5e93fd5cfe306ea2c34d7082a6c79692cf2f5c6e07aa6f9b4a11b4917d33f16b',
  nonce: '3',
  fee: '207000',
  signatures: [Array],
  id: '73413ba3034d67f794b5c151c0a148b058ee476415c631e5f3d68d37c7b64db0'
}) 1`] = `
Object {
  "asset": Object {
    "username": "johndoe",
  },
  "assetID": 0,
  "fee": "207000",
  "id": "73413ba3034d67f794b5c151c0a148b058ee476415c631e5f3d68d37c7b64db0",
  "moduleID": 5,
  "nonce": "3",
  "senderPublicKey": "5e93fd5cfe306ea2c34d7082a6c79692cf2f5c6e07aa6f9b4a11b4917d33f16b",
  "signatures": Array [
    "64e1c880e844f970e46ebdcc7c9c89a80bf8618de82706f3873ee91fa666657de610a8899f1370664721cdcb08eb5ac1e12aa6e1611b85a12050711aca478604",
  ],
}
`;

exports[`TransactionSerializer #toHuman({
  moduleID: 5,
  assetID: 1,
  asset: [Object],
  senderPublicKey: '5e93fd5cfe306ea2c34d7082a6c79692cf2f5c6e07aa6f9b4a11b4917d33f16b',
  nonce: '3',
  fee: '207000',
  signatures: [Array],
  id: '73413ba3034d67f794b5c151c0a148b058ee476415c631e5f3d68d37c7b64db0'
}) 1`] = `
Object {
  "asset": Object {
    "votes": Array [
      Object {
        "amount": "1000000000",
        "delegateAddress": "lsk72fxrb264kvw6zuojntmzzsqds35sqvfzz76d7",
      },
    ],
  },
  "assetID": 1,
  "fee": "207000",
  "id": "73413ba3034d67f794b5c151c0a148b058ee476415c631e5f3d68d37c7b64db0",
  "moduleID": 5,
  "nonce": "3",
  "senderPublicKey": "5e93fd5cfe306ea2c34d7082a6c79692cf2f5c6e07aa6f9b4a11b4917d33f16b",
  "signatures": Array [
    "64e1c880e844f970e46ebdcc7c9c89a80bf8618de82706f3873ee91fa666657de610a8899f1370664721cdcb08eb5ac1e12aa6e1611b85a12050711aca478604",
  ],
}
`;

exports[`TransactionSerializer #toMachine({
  moduleID: 2,
  assetID: 0,
  asset: [Object],
  senderPublicKey: '5e93fd5cfe306ea2c34d7082a6c79692cf2f5c6e07aa6f9b4a11b4917d33f16b',
  nonce: '3',
  fee: '207000',
  signatures: [Array],
  id: '73413ba3034d67f794b5c151c0a148b058ee476415c631e5f3d68d37c7b64db0'
}) 1`] = `
Object {
  "asset": Object {
    "amount": 100000000n,
    "data": "",
    "recipientAddress": Object {
      "data": Array [
        118,
        60,
        25,
        27,
        10,
        77,
        5,
        117,
        2,
        12,
        225,
        230,
        80,
        3,
        117,
        214,
        208,
        189,
        212,
        94,
      ],
      "type": "Buffer",
    },
  },
  "assetID": 0,
  "fee": 207000n,
  "id": Object {
    "data": Array [
      115,
      65,
      59,
      163,
      3,
      77,
      103,
      247,
      148,
      181,
      193,
      81,
      192,
      161,
      72,
      176,
      88,
      238,
      71,
      100,
      21,
      198,
      49,
      229,
      243,
      214,
      141,
      55,
      199,
      182,
      77,
      176,
    ],
    "type": "Buffer",
  },
  "moduleID": 2,
  "nonce": 3n,
  "senderPublicKey": Object {
    "data": Array [
      94,
      147,
      253,
      92,
      254,
      48,
      110,
      162,
      195,
      77,
      112,
      130,
      166,
      199,
      150,
      146,
      207,
      47,
      92,
      110,
      7,
      170,
      111,
      155,
      74,
      17,
      180,
      145,
      125,
      51,
      241,
      107,
    ],
    "type": "Buffer",
  },
  "signatures": Array [
    Object {
      "data": Array [
        100,
        225,
        200,
        128,
        232,
        68,
        249,
        112,
        228,
        110,
        189,
        204,
        124,
        156,
        137,
        168,
        11,
        248,
        97,
        141,
        232,
        39,
        6,
        243,
        135,
        62,
        233,
        31,
        166,
        102,
        101,
        125,
        230,
        16,
        168,
        137,
        159,
        19,
        112,
        102,
        71,
        33,
        205,
        203,
        8,
        235,
        90,
        193,
        225,
        42,
        166,
        225,
        97,
        27,
        133,
        161,
        32,
        80,
        113,
        26,
        202,
        71,
        134,
        4,
      ],
      "type": "Buffer",
    },
  ],
}
`;

exports[`TransactionSerializer #toMachine({
  moduleID: 4,
  assetID: 0,
  asset: [Object],
  senderPublicKey: '5e93fd5cfe306ea2c34d7082a6c79692cf2f5c6e07aa6f9b4a11b4917d33f16b',
  nonce: '3',
  fee: '207000',
  signatures: [Array],
  id: '73413ba3034d67f794b5c151c0a148b058ee476415c631e5f3d68d37c7b64db0'
}) 1`] = `
Object {
  "asset": Object {
    "mandatoryKeys": Array [
      Object {
        "data": Array [
          89,
          72,
          204,
          5,
          101,
          163,
          233,
          50,
          12,
          116,
          66,
          206,
          203,
          98,
          172,
          220,
          146,
          180,
          40,
          160,
          218,
          80,
          76,
          82,
          175,
          179,
          232,
          74,
          2,
          93,
          34,
          31,
        ],
        "type": "Buffer",
      },
      Object {
        "data": Array [
          163,
          194,
          47,
          214,
          116,
          131,
          174,
          7,
          19,
          76,
          147,
          34,
          67,
          132,
          218,
          199,
          32,
          108,
          64,
          177,
          183,
          161,
          65,
          134,
          221,
          45,
          63,
          13,
          204,
          130,
          52,
          255,
        ],
        "type": "Buffer",
      },
    ],
    "numberOfSignatures": 2,
    "optionalKeys": Array [],
  },
  "assetID": 0,
  "fee": 207000n,
  "id": Object {
    "data": Array [
      115,
      65,
      59,
      163,
      3,
      77,
      103,
      247,
      148,
      181,
      193,
      81,
      192,
      161,
      72,
      176,
      88,
      238,
      71,
      100,
      21,
      198,
      49,
      229,
      243,
      214,
      141,
      55,
      199,
      182,
      77,
      176,
    ],
    "type": "Buffer",
  },
  "moduleID": 4,
  "nonce": 3n,
  "senderPublicKey": Object {
    "data": Array [
      94,
      147,
      253,
      92,
      254,
      48,
      110,
      162,
      195,
      77,
      112,
      130,
      166,
      199,
      150,
      146,
      207,
      47,
      92,
      110,
      7,
      170,
      111,
      155,
      74,
      17,
      180,
      145,
      125,
      51,
      241,
      107,
    ],
    "type": "Buffer",
  },
  "signatures": Array [
    Object {
      "data": Array [
        251,
        237,
        251,
        167,
        64,
        183,
        92,
        44,
        74,
        179,
        254,
        224,
        66,
        42,
        13,
        101,
        176,
        153,
        91,
        0,
        157,
        131,
        231,
        92,
        64,
        189,
        182,
        240,
        101,
        56,
        20,
        220,
        151,
        25,
        162,
        12,
        153,
        175,
        158,
        244,
        152,
        14,
        184,
        247,
        198,
        125,
        75,
        49,
        71,
        2,
        56,
        105,
        227,
        48,
        0,
        48,
        54,
        173,
        39,
        129,
        34,
        122,
        86,
        4,
      ],
      "type": "Buffer",
    },
    Object {
      "data": Array [
        251,
        237,
        251,
        167,
        64,
        183,
        92,
        44,
        74,
        179,
        254,
        224,
        66,
        42,
        13,
        101,
        176,
        153,
        91,
        0,
        157,
        131,
        231,
        92,
        64,
        189,
        182,
        240,
        101,
        56,
        20,
        220,
        151,
        25,
        162,
        12,
        153,
        175,
        158,
        244,
        152,
        14,
        184,
        247,
        198,
        125,
        75,
        49,
        71,
        2,
        56,
        105,
        227,
        48,
        0,
        48,
        54,
        173,
        39,
        129,
        34,
        122,
        86,
        4,
      ],
      "type": "Buffer",
    },
    Object {
      "data": Array [
        217,
        239,
        119,
        240,
        37,
        173,
        37,
        204,
        185,
        135,
        28,
        30,
        147,
        25,
        6,
        52,
        92,
        98,
        23,
        38,
        246,
        143,
        171,
        5,
        122,
        250,
        245,
        236,
        216,
        84,
        151,
        174,
        34,
        5,
        23,
        128,
        87,
        196,
        243,
        126,
        161,
        104,
        122,
        105,
        248,
        65,
        64,
        183,
        75,
        21,
        155,
        8,
        109,
        165,
        96,
        214,
        184,
        135,
        10,
        42,
        127,
        201,
        5,
        5,
      ],
      "type": "Buffer",
    },
  ],
}
`;

exports[`TransactionSerializer #toMachine({
  moduleID: 5,
  assetID: 0,
  asset: [Object],
  senderPublicKey: '5e93fd5cfe306ea2c34d7082a6c79692cf2f5c6e07aa6f9b4a11b4917d33f16b',
  nonce: '3',
  fee: '207000',
  signatures: [Array],
  id: '73413ba3034d67f794b5c151c0a148b058ee476415c631e5f3d68d37c7b64db0'
}) 1`] = `
Object {
  "asset": Object {
    "username": "johndoe",
  },
  "assetID": 0,
  "fee": 207000n,
  "id": Object {
    "data": Array [
      115,
      65,
      59,
      163,
      3,
      77,
      103,
      247,
      148,
      181,
      193,
      81,
      192,
      161,
      72,
      176,
      88,
      238,
      71,
      100,
      21,
      198,
      49,
      229,
      243,
      214,
      141,
      55,
      199,
      182,
      77,
      176,
    ],
    "type": "Buffer",
  },
  "moduleID": 5,
  "nonce": 3n,
  "senderPublicKey": Object {
    "data": Array [
      94,
      147,
      253,
      92,
      254,
      48,
      110,
      162,
      195,
      77,
      112,
      130,
      166,
      199,
      150,
      146,
      207,
      47,
      92,
      110,
      7,
      170,
      111,
      155,
      74,
      17,
      180,
      145,
      125,
      51,
      241,
      107,
    ],
    "type": "Buffer",
  },
  "signatures": Array [
    Object {
      "data": Array [
        100,
        225,
        200,
        128,
        232,
        68,
        249,
        112,
        228,
        110,
        189,
        204,
        124,
        156,
        137,
        168,
        11,
        248,
        97,
        141,
        232,
        39,
        6,
        243,
        135,
        62,
        233,
        31,
        166,
        102,
        101,
        125,
        230,
        16,
        168,
        137,
        159,
        19,
        112,
        102,
        71,
        33,
        205,
        203,
        8,
        235,
        90,
        193,
        225,
        42,
        166,
        225,
        97,
        27,
        133,
        161,
        32,
        80,
        113,
        26,
        202,
        71,
        134,
        4,
      ],
      "type": "Buffer",
    },
  ],
}
`;

exports[`TransactionSerializer #toMachine({
  moduleID: 5,
  assetID: 1,
  asset: [Object],
  senderPublicKey: '5e93fd5cfe306ea2c34d7082a6c79692cf2f5c6e07aa6f9b4a11b4917d33f16b',
  nonce: '3',
  fee: '207000',
  signatures: [Array],
  id: '73413ba3034d67f794b5c151c0a148b058ee476415c631e5f3d68d37c7b64db0'
}) 1`] = `
Object {
  "asset": Object {
    "votes": Array [
      Object {
        "amount": 1000000000n,
        "delegateAddress": Object {
          "data": Array [
            118,
            60,
            25,
            27,
            10,
            77,
            5,
            117,
            2,
            12,
            225,
            230,
            80,
            3,
            117,
            214,
            208,
            189,
            212,
            94,
          ],
          "type": "Buffer",
        },
      },
    ],
  },
  "assetID": 1,
  "fee": 207000n,
  "id": Object {
    "data": Array [
      115,
      65,
      59,
      163,
      3,
      77,
      103,
      247,
      148,
      181,
      193,
      81,
      192,
      161,
      72,
      176,
      88,
      238,
      71,
      100,
      21,
      198,
      49,
      229,
      243,
      214,
      141,
      55,
      199,
      182,
      77,
      176,
    ],
    "type": "Buffer",
  },
  "moduleID": 5,
  "nonce": 3n,
  "senderPublicKey": Object {
    "data": Array [
      94,
      147,
      253,
      92,
      254,
      48,
      110,
      162,
      195,
      77,
      112,
      130,
      166,
      199,
      150,
      146,
      207,
      47,
      92,
      110,
      7,
      170,
      111,
      155,
      74,
      17,
      180,
      145,
      125,
      51,
      241,
      107,
    ],
    "type": "Buffer",
  },
  "signatures": Array [
    Object {
      "data": Array [
        100,
        225,
        200,
        128,
        232,
        68,
        249,
        112,
        228,
        110,
        189,
        204,
        124,
        156,
        137,
        168,
        11,
        248,
        97,
        141,
        232,
        39,
        6,
        243,
        135,
        62,
        233,
        31,
        166,
        102,
        101,
        125,
        230,
        16,
        168,
        137,
        159,
        19,
        112,
        102,
        71,
        33,
        205,
        203,
        8,
        235,
        90,
        193,
        225,
        42,
        166,
        225,
        97,
        27,
        133,
        161,
        32,
        80,
        113,
        26,
        202,
        71,
        134,
        4,
      ],
      "type": "Buffer",
    },
  ],
}
`;

exports[`TransactionSerializer #toString({
  moduleID: 2,
  assetID: 0,
  asset: [Object],
  senderPublicKey: '5e93fd5cfe306ea2c34d7082a6c79692cf2f5c6e07aa6f9b4a11b4917d33f16b',
  nonce: '3',
  fee: '207000',
  signatures: [Array],
  id: '73413ba3034d67f794b5c151c0a148b058ee476415c631e5f3d68d37c7b64db0'
}) 1`] = `"0802100018032098d10c2a205e93fd5cfe306ea2c34d7082a6c79692cf2f5c6e07aa6f9b4a11b4917d33f16b321d0880c2d72f1214763c191b0a4d0575020ce1e6500375d6d0bdd45e1a003a4064e1c880e844f970e46ebdcc7c9c89a80bf8618de82706f3873ee91fa666657de610a8899f1370664721cdcb08eb5ac1e12aa6e1611b85a12050711aca478604"`;

exports[`TransactionSerializer #toString({
  moduleID: 4,
  assetID: 0,
  asset: [Object],
  senderPublicKey: '5e93fd5cfe306ea2c34d7082a6c79692cf2f5c6e07aa6f9b4a11b4917d33f16b',
  nonce: '3',
  fee: '207000',
  signatures: [Array],
  id: '73413ba3034d67f794b5c151c0a148b058ee476415c631e5f3d68d37c7b64db0'
}) 1`] = `"0804100018032098d10c2a205e93fd5cfe306ea2c34d7082a6c79692cf2f5c6e07aa6f9b4a11b4917d33f16b3246080212205948cc0565a3e9320c7442cecb62acdc92b428a0da504c52afb3e84a025d221f1220a3c22fd67483ae07134c93224384dac7206c40b1b7a14186dd2d3f0dcc8234ff3a40fbedfba740b75c2c4ab3fee0422a0d65b0995b009d83e75c40bdb6f0653814dc9719a20c99af9ef4980eb8f7c67d4b3147023869e330003036ad2781227a56043a40fbedfba740b75c2c4ab3fee0422a0d65b0995b009d83e75c40bdb6f0653814dc9719a20c99af9ef4980eb8f7c67d4b3147023869e330003036ad2781227a56043a40d9ef77f025ad25ccb9871c1e931906345c621726f68fab057afaf5ecd85497ae2205178057c4f37ea1687a69f84140b74b159b086da560d6b8870a2a7fc90505"`;

exports[`TransactionSerializer #toString({
  moduleID: 5,
  assetID: 0,
  asset: [Object],
  senderPublicKey: '5e93fd5cfe306ea2c34d7082a6c79692cf2f5c6e07aa6f9b4a11b4917d33f16b',
  nonce: '3',
  fee: '207000',
  signatures: [Array],
  id: '73413ba3034d67f794b5c151c0a148b058ee476415c631e5f3d68d37c7b64db0'
}) 1`] = `"0805100018032098d10c2a205e93fd5cfe306ea2c34d7082a6c79692cf2f5c6e07aa6f9b4a11b4917d33f16b32090a076a6f686e646f653a4064e1c880e844f970e46ebdcc7c9c89a80bf8618de82706f3873ee91fa666657de610a8899f1370664721cdcb08eb5ac1e12aa6e1611b85a12050711aca478604"`;

exports[`TransactionSerializer #toString({
  moduleID: 5,
  assetID: 1,
  asset: [Object],
  senderPublicKey: '5e93fd5cfe306ea2c34d7082a6c79692cf2f5c6e07aa6f9b4a11b4917d33f16b',
  nonce: '3',
  fee: '207000',
  signatures: [Array],
  id: '73413ba3034d67f794b5c151c0a148b058ee476415c631e5f3d68d37c7b64db0'
}) 1`] = `"0805100118032098d10c2a205e93fd5cfe306ea2c34d7082a6c79692cf2f5c6e07aa6f9b4a11b4917d33f16b321e0a1c0a14763c191b0a4d0575020ce1e6500375d6d0bdd45e1080a8d6b9073a4064e1c880e844f970e46ebdcc7c9c89a80bf8618de82706f3873ee91fa666657de610a8899f1370664721cdcb08eb5ac1e12aa6e1611b85a12050711aca478604"`;
