// Jest Snapshot v1, https://goo.gl/fbAQLP

exports[`WalletData 2.0 #multiSignature 1`] = `
Object {
  "mandatoryKeys": Array [],
  "numberOfSignatures": 0,
  "optionalKeys": Array [],
}
`;

exports[`WalletData 2.0 #multiSignature 2`] = `
Object {
  "mandatoryKeys": Array [],
  "numberOfSignatures": 0,
  "optionalKeys": Array [],
}
`;
