// Jest Snapshot v1, https://goo.gl/fbAQLP

exports[`cache wallet data should discover all used 1`] = `
Array [
  Object {
    "address": "tb1qzdtkhgwyqnufeuc3tq88d74plcagcryzmfwclyadxgj90kwvhpps0gu965",
    "path": "0/0",
    "status": "used",
  },
  Object {
    "address": "tb1qq57mp9ygm7d6ps9mzgelzwj806dfszw4paqzmuds8n24q9eacspq4t20kv",
    "path": "0/1",
    "status": "used",
  },
  Object {
    "address": "tb1qu74mke55g3645qz2phgvej24k4qpmq33mkywyn5yyqknh7lcag5qapfmxv",
    "path": "0/2",
    "status": "unused",
  },
  Object {
    "address": "tb1qhy9td6wyklj8cf0r5y8jxefrace6txkwaqj72aumm5jn703e2geqt3y5mj",
    "path": "0/3",
    "status": "unused",
  },
  Object {
    "address": "tb1quwzh2lh27rr4gr6jm9ajhgd3kl42rhmgmt7clyfl8uvyhj0msstsj44x6q",
    "path": "0/4",
    "status": "unused",
  },
  Object {
    "address": "tb1qrvg0evduwlpqcegehxe67850fa6ks7m2ggmrcdfdqt0v99fr4xds6g8c25",
    "path": "0/5",
    "status": "unused",
  },
  Object {
    "address": "tb1q53370mfkprpzhy3amx86jdz2dt4h6jtwy6h86z7hr5ls6yzca5hq6t380v",
    "path": "0/6",
    "status": "unused",
  },
  Object {
    "address": "tb1q44w9jpfmh2lppzw5qdm967tyd52n7c38xarhz9sgzhp5nmr66tnsrel5vx",
    "path": "0/7",
    "status": "unused",
  },
  Object {
    "address": "tb1ql52r8a5z0a9enjff0xze483rcdywehhcdaja2h0ska33ch3dklsq96hx5f",
    "path": "0/8",
    "status": "unused",
  },
  Object {
    "address": "tb1qdl6wmannd5rrtyy7qt8rkssldr9t8l33c5dk380pzd0qnu346w9qq8x4g6",
    "path": "0/9",
    "status": "unused",
  },
  Object {
    "address": "tb1qd39n5952y7ayq9saq0l8kl6dvr0zuufa62pxdk566q4qpg0kp6dqvtu4j4",
    "path": "0/10",
    "status": "unused",
  },
  Object {
    "address": "tb1qj2veuskz4m5hkx4hu6m8kew2mxmer5qkx9rzqmcpp585jj3wt5eqgk055h",
    "path": "0/11",
    "status": "unused",
  },
  Object {
    "address": "tb1qj0hpe62hw99cqe6q65pjg2gfp2kf5eymt536tgd548u44q433hwsa7vapp",
    "path": "0/12",
    "status": "unused",
  },
  Object {
    "address": "tb1q34x3atvc8h7s5ptqthlkh6f578avnnugn8rtwpn9egmaclvy53jsescqxq",
    "path": "0/13",
    "status": "unused",
  },
  Object {
    "address": "tb1qkusd957vyd0kktg7s6lw5sajm3tlr7akzhxsselxyme5hcy86uashssgcy",
    "path": "0/14",
    "status": "unused",
  },
  Object {
    "address": "tb1qs92g8nqskcjtyp593tlkmqg5wprpdfpg6m4g9x7ynnxac68an38s08ahcj",
    "path": "0/15",
    "status": "unused",
  },
  Object {
    "address": "tb1qhfzlatav6vvfs593ppd3gkadpgdqq575wt8ffqnh9tkjaflcse0syyv9vg",
    "path": "0/16",
    "status": "unused",
  },
  Object {
    "address": "tb1qpuqj28cdaa4wdw9lma36k4nrrxqnhtvt3pq6dj6h4c4r0u43e2vsr4rw7r",
    "path": "0/17",
    "status": "unused",
  },
  Object {
    "address": "tb1qvfpqldfkqmg8pczyy360uxp74a57c2224f9edrae69jc2tun749qp2yz6f",
    "path": "0/18",
    "status": "unused",
  },
  Object {
    "address": "tb1qtv6kgceeedq929syhtpg3rvdkdmyjscp3ncy6pcy4jkxujlaxsuqj5v3fv",
    "path": "0/19",
    "status": "unused",
  },
  Object {
    "address": "tb1qmwhu5hw4ea3ktdwj4dn04l4t5rv0zzs4t6xmpgmch8rnghtcnc6s5nrczz",
    "path": "0/20",
    "status": "unused",
  },
  Object {
    "address": "tb1qx3ywunss5ewqntpy4539yjhz3453ya3y76qy64829zwdfnnslanq6mxhn8",
    "path": "0/21",
    "status": "unused",
  },
  Object {
    "address": "tb1qeukh8r0jtalhu0a2y8c22qkuj5wx2lw236fgqasvsk0y5zxqj9kqruz9g0",
    "path": "0/22",
    "status": "unused",
  },
  Object {
    "address": "tb1qjs33vw030f03tygudt7xccetrcggg4e4xu2lfaw2jvh5s7ehw6zscdfudy",
    "path": "0/23",
    "status": "unused",
  },
  Object {
    "address": "tb1qpl3jwtug967y87k6kfkvev5dlh3kwyupjypgham3qqlu9y3f625qx8nsmz",
    "path": "0/24",
    "status": "unused",
  },
  Object {
    "address": "tb1qdsvzjzw5kdg4l7ylxakrguctq2cenaqg5p6dz0swjysl74y5gnfqkn5p3z",
    "path": "0/25",
    "status": "unused",
  },
  Object {
    "address": "tb1qlx7tvfd345gvenemydsfacxn7vw0smw84n2pgc9v7j90uuh0qh4q0gp7ng",
    "path": "0/26",
    "status": "unused",
  },
  Object {
    "address": "tb1quqkcmznkmlrnjehnujec2fqcavnk6c9wd3jqtnhlgrpxkaup4e4qnk6xct",
    "path": "0/27",
    "status": "unused",
  },
  Object {
    "address": "tb1qpega6z25a0nwft7d2wgqj45w6wzzdwafgqk99ru7rnkm8wtkysgq2588v6",
    "path": "0/28",
    "status": "unused",
  },
  Object {
    "address": "tb1q7z89dpp4mv34wxy3glccha0mawvafwpwge6gjthmz7fl3skv3y0s50mtt5",
    "path": "0/29",
    "status": "unused",
  },
  Object {
    "address": "tb1qs52dcvl5yeuvjt50uy5ws6f939cwcyyk5dcyhj48zu7s0ggr2pcs0rm073",
    "path": "0/30",
    "status": "unused",
  },
  Object {
    "address": "tb1q53sgy4ex4qn2la2uzn5gdgn4q9fz6w6g75u0myayjd373pxdwa7q3aqut4",
    "path": "0/31",
    "status": "unused",
  },
  Object {
    "address": "tb1qu0naz3tjhu0lk8v5v5qc4gakz39qlnq3w3wnjvx77f32w9vce7csmklv7w",
    "path": "0/32",
    "status": "unused",
  },
  Object {
    "address": "tb1qc0phtm60v9y49z03c0ym9jthepns377072yhlwwt0xp9fxhlpguqz8z4kh",
    "path": "0/33",
    "status": "unused",
  },
  Object {
    "address": "tb1qzweuvgem733ads70krmf0gk9m62rpcgupfaal36qk2d27f9zaf2sae7cmj",
    "path": "0/34",
    "status": "unused",
  },
  Object {
    "address": "tb1ql8gwlsfmkq3xsrjm3ternuj4ny09ss3zfmd4zdg4ycycyywqqfcqr9cxpp",
    "path": "0/35",
    "status": "unused",
  },
  Object {
    "address": "tb1qwjqg249rdrggnkhjfw4gg890ha4hxcjuhaylppfe2fvhkgtqhxpstjw3jh",
    "path": "0/36",
    "status": "unused",
  },
  Object {
    "address": "tb1q5dv65q30ehx0qh749edze49xcvqsf6ylkyzyckm4u6mpxwy3f09smlsryv",
    "path": "0/37",
    "status": "unused",
  },
  Object {
    "address": "tb1qwnma40s4zcrht65tpxthzvc58vq6azwj3udu6ns7uh5zvwgv8nfqv9u7k8",
    "path": "0/38",
    "status": "unused",
  },
  Object {
    "address": "tb1qyxkghscsxuqwsf4hntdns3u2mxjlpnkqgux274e6ua4lgxfurvlsz0prld",
    "path": "0/39",
    "status": "unused",
  },
  Object {
    "address": "tb1q4dka3shget65x0e7t4wxasgdnmxfny4ut8wpwx5mvcfpl9fhsmzqwwjl9p",
    "path": "0/40",
    "status": "unused",
  },
  Object {
    "address": "tb1qaga4x68ap9rctf75ktvmjyvrry64k0gheseksr3npnkxlkkdp83q0azlrz",
    "path": "0/41",
    "status": "unused",
  },
  Object {
    "address": "tb1q7scsecp5uvsajcuxl8f4g2kfdk5z5knewmms7jc8dl6kv3qmnmwq9w7ljk",
    "path": "0/42",
    "status": "unused",
  },
  Object {
    "address": "tb1qqdsmqt29ylkuz92xaqm0sle3aakc6a402unwxmfkq7aue9tz47vsquyzuv",
    "path": "0/43",
    "status": "unused",
  },
  Object {
    "address": "tb1q0uugyd4ccnkawj72adxs40f6649wm8dj9dkcxha83t0jhkdzletqllka25",
    "path": "0/44",
    "status": "unused",
  },
  Object {
    "address": "tb1q4hm4p9vla4wm6xgf8wqqn4k3lqu2ra8l9t9hlw60vwhkvsa499ps85unuy",
    "path": "0/45",
    "status": "unused",
  },
  Object {
    "address": "tb1qy06xwxefpgd69e4rr42vugug3hjc6kdww6mq3lzxjjydsj8t22qqfccvjz",
    "path": "0/46",
    "status": "unused",
  },
  Object {
    "address": "tb1qcm29h84uu4ptelml57gnnv2ml762fn86rqtckcp7pjfjssnpj0lsmu56fz",
    "path": "0/47",
    "status": "unused",
  },
  Object {
    "address": "tb1qw7d6yvckd0mmzmx3fhenrtn938mus79dl2t8cyqmhphcnner6v7sqntg35",
    "path": "0/48",
    "status": "unused",
  },
  Object {
    "address": "tb1qvemevdm7pyseeaksea6dgp6rafczvp7z4f4evtwy3q7nkn800qfs9xvhck",
    "path": "0/49",
    "status": "unused",
  },
  Object {
    "address": "tb1qdmc80qfxm7e93lcgptg7wsvhqzwp2mfamxhamthpkqrexq9rhtysqcjfvt",
    "path": "0/50",
    "status": "unused",
  },
  Object {
    "address": "tb1q5lgxzhzpcv7xgu73klp2nzmdp9h085tuywkdad4x7dkuh0cjq08q6usjjw",
    "path": "0/51",
    "status": "unused",
  },
  Object {
    "address": "tb1qt8xcxqxvyjha32npwlsu36yn534phy5c2dykg6dsuz3cwjh0k63q789gsx",
    "path": "0/52",
    "status": "unused",
  },
  Object {
    "address": "tb1qfu9wynwjlle2etrcm7ee4yjpd5mhhk4c4dn3hrgh8666dlae8zesu32vpy",
    "path": "0/53",
    "status": "unused",
  },
  Object {
    "address": "tb1qdxd8tetdnwf2j0jrxsa9ne6fd96k352svxanypfufwkx3j0d3tsqsjfywu",
    "path": "0/54",
    "status": "unused",
  },
  Object {
    "address": "tb1qadwrq8ecm97ruldza8nfrnv3fx429lrfe52lgmgeh55qj2j62epsl5p3x4",
    "path": "0/55",
    "status": "unused",
  },
  Object {
    "address": "tb1qjff902tq557hrppg2mnkzxk464369g280wp86z9mscwy5z5xesaq4fn9xc",
    "path": "0/56",
    "status": "unused",
  },
  Object {
    "address": "tb1qtwh0r2aughuvtj3zq67pxcx4q8pnzsaw5styeehq0ffp9z0xfrlqdz7zya",
    "path": "0/57",
    "status": "unused",
  },
  Object {
    "address": "tb1qymnd70ky64fesrp4gm5sjvkeg3ycly7nee9r89rryrsn547ty4jsqsxmff",
    "path": "0/58",
    "status": "unused",
  },
  Object {
    "address": "tb1qrtk9mha9ck7ydudgrdyfn48ttldlk6739ekgqslendhx4ruskagqktx4vz",
    "path": "0/59",
    "status": "unused",
  },
  Object {
    "address": "tb1qsttp3pd68658zvtcmhx7dzpz0l7p6nwryaqmqwn4mtjr79rzuvrskgr26d",
    "path": "0/60",
    "status": "unused",
  },
  Object {
    "address": "tb1q8py2zv0qpje3cdr6zhn62ev28ps8sw5lwmdxu7kczrhpq9vndccswpswzc",
    "path": "0/61",
    "status": "unused",
  },
  Object {
    "address": "tb1qpu68s278ulzp9sj6wwltj4e7ssdptmy3dvm2g7estaj5m7tg5v6sp66p0a",
    "path": "0/62",
    "status": "unused",
  },
  Object {
    "address": "tb1qetuf0vpqknz9vpa47efv2fc769hlqudavn8k52tmzj95c7hed78q3v0d4h",
    "path": "0/63",
    "status": "unused",
  },
  Object {
    "address": "tb1qcfw6l0d56upv77hw5dqzqu892fy87dcvlv3thy244tcya0w6d8mqklnjvg",
    "path": "0/64",
    "status": "unused",
  },
  Object {
    "address": "tb1q5j5zlayztgshguc4hcdx2gyuzypw99hesl3r4eany3p9rk54ks8sm0grq6",
    "path": "0/65",
    "status": "unused",
  },
  Object {
    "address": "tb1q3j0v0yv49hagax0kzefra90shrspvcssykumam2zge79ryclag3sn27uss",
    "path": "0/66",
    "status": "unused",
  },
  Object {
    "address": "tb1qu4v2u6k6cjh9phz6z40kxrcwm7ljmnhl4w0ky5d7ejnyz06ddgus0xykah",
    "path": "0/67",
    "status": "unused",
  },
  Object {
    "address": "tb1qhmngyjlxmywhxhe2jyl67cj7rgvxafcmhcusuzewl46uugmaw7aswqn7zz",
    "path": "0/68",
    "status": "unused",
  },
  Object {
    "address": "tb1qxta2grupj8jyw6h7arpgswuhrq867w8uwd3l0a2hhdhwu33d5syqhf9frc",
    "path": "0/69",
    "status": "unused",
  },
  Object {
    "address": "tb1qg3087y743kwz7l4z9edqxp9cmqsldvlvdlz0pcnzelpppcxl6v8s5vwyvk",
    "path": "0/70",
    "status": "unused",
  },
  Object {
    "address": "tb1qa4gukdglrtscxw9cy86cevvqu93a43n9rvge8ksuk6jpqqmxngusx4cx7g",
    "path": "0/71",
    "status": "unused",
  },
  Object {
    "address": "tb1qd85s22ky4hz0mae8jd2kv2n3gmf7yxa3scydeaey9jllvz9mavjsmupt83",
    "path": "0/72",
    "status": "unused",
  },
  Object {
    "address": "tb1qcnwxgsaa7jkxwxl3yjsw6f8wdmd3c53wlsshc4yh2kv9s0vd9t7s0mzhnu",
    "path": "0/73",
    "status": "unused",
  },
  Object {
    "address": "tb1q3e2p0s7ns95d0kdmwqtlax6t5qe6ua9wcjjkz7j0ljhtss6plw6syy0qza",
    "path": "0/74",
    "status": "unused",
  },
  Object {
    "address": "tb1qtyghqvye3tlvka3p39yx6yy4hr8rkcac5yzlm32ryk8ks254pdmqxp9qw5",
    "path": "0/75",
    "status": "unused",
  },
  Object {
    "address": "tb1qyusd3uunftjhpcl5ygp4aklnh6qgdsjznkek6epd7pt6y0tq5y8s9llm6h",
    "path": "0/76",
    "status": "unused",
  },
  Object {
    "address": "tb1qda66hc47czk3z7qj709jgsm6muqzah3qq07uf5ww38rtkpng5m7szwcaqs",
    "path": "0/77",
    "status": "unused",
  },
  Object {
    "address": "tb1qcksnsxfptln66dgwwgljm0ktlwh9pdcmwze8l7qr03z9gan9yshqd65fen",
    "path": "0/78",
    "status": "unused",
  },
  Object {
    "address": "tb1qkggt5x6msdn26a7f4uzz2edfa9mhqhul7dzqud9gaezyz5fmwpfsj7x5ry",
    "path": "0/79",
    "status": "unused",
  },
  Object {
    "address": "tb1qmkuecn6m2hq43yd7vzjq5v906f84v6cl9y32ecwcd00tt2z8zpash3s6f5",
    "path": "0/80",
    "status": "unused",
  },
  Object {
    "address": "tb1qa8qzgzj3666a2dsgcskwwxjh9crgn9e7zztjlt43hcufdxuaamtq9wnfl5",
    "path": "0/81",
    "status": "unused",
  },
  Object {
    "address": "tb1q8lpl0sf70ryx205qtmf8w3a40j5u4waqcjzlgllr70daam87zdzs5k2p4w",
    "path": "0/82",
    "status": "unused",
  },
  Object {
    "address": "tb1qtcuqxpa86fp7lslvq3u2evpklje3jyt73m37hwrjzcnmql4vy5ps5vuasj",
    "path": "0/83",
    "status": "unused",
  },
  Object {
    "address": "tb1qxfzf87txk5uknfuaw0nfu0mawveap9084ewgeu3u70z5yxs094csp5d9g0",
    "path": "0/84",
    "status": "unused",
  },
  Object {
    "address": "tb1qxqehg7qaue5q2yhc73xa8s8cekswp0qvvfuajrkm42k368wgvg2s5k5h66",
    "path": "0/85",
    "status": "unused",
  },
  Object {
    "address": "tb1qr7cwmue7fmmdlj526u8t5pca2d73jrcfkvvqc6l83jwm4c9jkzyqhmta8w",
    "path": "0/86",
    "status": "unused",
  },
  Object {
    "address": "tb1q9xtmpmcwvudr4n07tursynk8nldpuda6ypn4q27jt2j8395mcgrq9pmu8x",
    "path": "0/87",
    "status": "unused",
  },
  Object {
    "address": "tb1qcqmd9z0dsstj7han2dt8sm59qmvs47gd5h0wcccq3atxxrrmfa6q9jwekw",
    "path": "0/88",
    "status": "unused",
  },
  Object {
    "address": "tb1qnv0zyfglp5e93jzsvnncmdjmy9zg9433v6wxyh9wqzgsmlehvjnq5rnscx",
    "path": "0/89",
    "status": "unused",
  },
  Object {
    "address": "tb1qh0tpkurympgepwkwdsnn5n2rx2d3pehp0vxgxlpdxsgz3x5f5zyseptjp8",
    "path": "0/90",
    "status": "unused",
  },
  Object {
    "address": "tb1qq3ezhqe8jzp9dh362tl9uyr0hfty9dj7ldyxlfftvuldmffaas6skrmdt9",
    "path": "0/91",
    "status": "unused",
  },
  Object {
    "address": "tb1q48xf0lje9f2fl53j9mcuk3au5wy2f7569sgjlsnnuvuug5wknt5s9t8jpl",
    "path": "0/92",
    "status": "unused",
  },
  Object {
    "address": "tb1qmhu3a7q4u9lml7j3ulqlt0fu33m5ay6t9jq49psgsdyc9949sx8s07npyz",
    "path": "0/93",
    "status": "unused",
  },
  Object {
    "address": "tb1qun4apsdelhydazn8zjschmjqnrpxd72p72u5yetp240ujs5xzggqfqaqyk",
    "path": "0/94",
    "status": "unused",
  },
  Object {
    "address": "tb1qs07snkpsaggqhqj0n3uwf49kckkl8wl202p4p67hh4e33wkwe6fsdz95ls",
    "path": "0/95",
    "status": "unused",
  },
  Object {
    "address": "tb1q42pd9zegquvl0uwfpg4fjs80yn3qjw823t3n30k6vfl3j8we2gqs6u354f",
    "path": "0/96",
    "status": "unused",
  },
  Object {
    "address": "tb1q6p75yzxj2pc3w46gxa0w6vqg9yftkc665adfh5d0v35rqam8vclshgjrlt",
    "path": "0/97",
    "status": "unused",
  },
  Object {
    "address": "tb1qezqpes0s5sm46vf5ymctnkqp4dqgft8weakchp469g3j96l6hxxquan0hr",
    "path": "0/98",
    "status": "unused",
  },
  Object {
    "address": "tb1qqr667p2ac8848f523mytzy4hfcf5m93z79s8nvmvgd8d25sk89csatqs4m",
    "path": "0/99",
    "status": "unused",
  },
]
`;

exports[`cache wallet data should discover all used 2`] = `
Array [
  Object {
    "address": "tb1qsyz35zpeueuwmcjap75flg93mny2gn7v3urnnwe4k05rcnvnp4cqq7hew2",
    "path": "1/0",
    "status": "used",
  },
  Object {
    "address": "tb1q9dpf5gjwgwmdftn22tfmq4cmw3qt825nf3xgd4wkdg3ktw6z2shsa5wauj",
    "path": "1/1",
    "status": "used",
  },
  Object {
    "address": "tb1qlj3qkv9c5j5gfqgfnqjl0nkwuvw8ktq9u3ahg0du4jnde852nrcstf4cka",
    "path": "1/2",
    "status": "used",
  },
  Object {
    "address": "tb1qes5lcckv97t0umnyvwxcjh7y4lemad0utwjl4lcg54yhxkdtlgyq35hlw3",
    "path": "1/3",
    "status": "unused",
  },
  Object {
    "address": "tb1qv42ern8yjn3lq9rywl4ky2kdxtk783w8vtvsf3qf4u8r9lj4cjesu9htw6",
    "path": "1/4",
    "status": "unused",
  },
  Object {
    "address": "tb1q0jhddny2g66g9w9e5nnsy7a0wpmtee60tcdx5jkwd9eq408vdueqv89r3z",
    "path": "1/5",
    "status": "unused",
  },
  Object {
    "address": "tb1qs4jcfl66n7kjvml04ggj4qaqsygnkzxy5fznc8tek8l9js8dda7s0dfdxd",
    "path": "1/6",
    "status": "unused",
  },
  Object {
    "address": "tb1qjqtgnkr24p7snzd7tfrvaw730ncsgk8vyg9z278a8gdcw2vln7dsezhp45",
    "path": "1/7",
    "status": "unused",
  },
  Object {
    "address": "tb1q5q6vxfgvfx2pnsusrhhcjda7nt34v7m5hsd3909pvvjvcxg796zq8jccdc",
    "path": "1/8",
    "status": "unused",
  },
  Object {
    "address": "tb1q6y0hr6sskangsempgej9udsw6q8xqgg5m4gejhww3tl9dphyy4ks0ggefg",
    "path": "1/9",
    "status": "unused",
  },
  Object {
    "address": "tb1q486z3sqhlmk50q7fwuevvle75dpezylhw9jfe8hhe0f6f4vuhu9qfhjxa2",
    "path": "1/10",
    "status": "unused",
  },
  Object {
    "address": "tb1qewyw7fwzm94l4z3xvtqgr7clx0z3f0r0z8lxd9tcr8s7ps9n8gqq787nql",
    "path": "1/11",
    "status": "unused",
  },
  Object {
    "address": "tb1qh62yhwxt4jlmdhjj6qg8q77evhgpsfrr0t9gkgvu7luacdjl8snsudzhxn",
    "path": "1/12",
    "status": "unused",
  },
  Object {
    "address": "tb1qznlwvphh66m0j39g5mpp8fxkydxcutngsj7d9f0x42sc5s9tv5xq6rpzuc",
    "path": "1/13",
    "status": "unused",
  },
  Object {
    "address": "tb1qmu92s68qtal0wkq53l4yh6q70ke28p6nzm5wux2dk3kyu3g96xvsz4cgdl",
    "path": "1/14",
    "status": "unused",
  },
  Object {
    "address": "tb1qdh0r96zj7news5l64uklwp36nhglcens4tpcvr95xxureq4f7vnsgr8y5y",
    "path": "1/15",
    "status": "unused",
  },
  Object {
    "address": "tb1qrrn3pzqfnw39yxfhhhprluyy357977s220r0ja2edkgkf5q70rpsj7jpex",
    "path": "1/16",
    "status": "unused",
  },
  Object {
    "address": "tb1qaxxrvgyjxrcjgy06ds2ljv8hnn298nthdf4l4gjc2typ2kfu0wqqjzgr2z",
    "path": "1/17",
    "status": "unused",
  },
  Object {
    "address": "tb1qdrczmglape6ag62smukzne8wuvg8c7ggkfu7azktq3vxlwjej0ksl94drz",
    "path": "1/18",
    "status": "unused",
  },
  Object {
    "address": "tb1q0kpqnp2hxp4l8jckp5ppvvdvdvntd8yslsdwv760yn4f29n3n8sqhzuz29",
    "path": "1/19",
    "status": "unused",
  },
  Object {
    "address": "tb1qwr3z7clyuhffdp08e0dnkq93gfdeac3m07df25y40gjuq9zgwm4qrcyfvt",
    "path": "1/20",
    "status": "unused",
  },
  Object {
    "address": "tb1q82yksm7jn93k7u5y9pke3mknztrw3asux84g7dm4drvq6m4fg8tsdnjuse",
    "path": "1/21",
    "status": "unused",
  },
  Object {
    "address": "tb1qqf9r2g8pm2fcwth4f566khtzwelsg2f950qhgy0gww9kfnudxjuq5xgdtn",
    "path": "1/22",
    "status": "unused",
  },
  Object {
    "address": "tb1q5h9hfm9ywgkggjnaz5c93qz5kukm3lgykxf737s7veexhprzgmxqhtz7s9",
    "path": "1/23",
    "status": "unused",
  },
  Object {
    "address": "tb1que7sm42cu7kmg56zj9p8jwewphtmfwm58ghrlqgud5977zkwqxkqug7hzu",
    "path": "1/24",
    "status": "unused",
  },
  Object {
    "address": "tb1qp0yg4p6fzk86fr489d3arcdshgg0wz5ep7876e7n7y79kdmeg0hsmczd8j",
    "path": "1/25",
    "status": "unused",
  },
  Object {
    "address": "tb1qssa4q8zj2xkmvk02pwhe6el5p3y2n8p8lffzuk82w9gne25fmqgsksd0vu",
    "path": "1/26",
    "status": "unused",
  },
  Object {
    "address": "tb1qensuvjf6qyd2xc0fva07ajcc6m450h2ftp5zxmpwgcf7fggtew0sq99uf6",
    "path": "1/27",
    "status": "unused",
  },
  Object {
    "address": "tb1q4stfz7f8004n3fr5ujm9vuuv3eyxz63a65zr3yddl3q77pvelutq0lznac",
    "path": "1/28",
    "status": "unused",
  },
  Object {
    "address": "tb1q9n6uzs3twfnzdqspy9u3lr4ynqcwrcsyc4sjvwfns4rc4tdzp0yszvvnf0",
    "path": "1/29",
    "status": "unused",
  },
  Object {
    "address": "tb1q3xqnux9pc7wxmlmezztezdrst0gqhf6l50z3xvguz2yw6ukzv6eqr4fp9v",
    "path": "1/30",
    "status": "unused",
  },
  Object {
    "address": "tb1qwruumlpyrkfgm5dsy40pp3259w8vxsrz0x7dvhhape59a27sk2yq57nyzl",
    "path": "1/31",
    "status": "unused",
  },
  Object {
    "address": "tb1qwjjdnmf6fndyztphs7rgq0j46hannsmzxcjyfhedwcpq0v6aszeqyclphv",
    "path": "1/32",
    "status": "unused",
  },
  Object {
    "address": "tb1q0g9afx3ewsy5a5uhp9p7p4n8crcmkh69dyetr5u0radavmdshrwshzznm6",
    "path": "1/33",
    "status": "unused",
  },
  Object {
    "address": "tb1qy99hykem62a70r6ahsnljkp0gfpxyykv8ex3530cvurxdm7ccwtqzdvghf",
    "path": "1/34",
    "status": "unused",
  },
  Object {
    "address": "tb1qghyr3p9e40uqev09petul667lmjsrf82xg4ns5fnwtmxytm3y5wqehrl32",
    "path": "1/35",
    "status": "unused",
  },
  Object {
    "address": "tb1q4xue89lc34n3j0xpfn9hjjzame387tvx7t95fhpu2e8pswneq7ascp975r",
    "path": "1/36",
    "status": "unused",
  },
  Object {
    "address": "tb1qqgr4wqqt5g8qv9jmwg5p034snqfud8zgk8dj3fhxtg5mpvsnzywsl3qg9f",
    "path": "1/37",
    "status": "unused",
  },
  Object {
    "address": "tb1qngx9m0rp53z2mtyavlz753cwr3mcw34ep0q2vszk7ng0ae8e5f7qurj6vs",
    "path": "1/38",
    "status": "unused",
  },
  Object {
    "address": "tb1qe224f77gzgt83ukgr67ddgsu40f0u5l4vhaz43wg3k8kq9j9s5cshha5xp",
    "path": "1/39",
    "status": "unused",
  },
  Object {
    "address": "tb1qz8773msdl5ns83dcefk372mwr0exrfrht8ktd9qr4y74dqwc6xnq5qrn0j",
    "path": "1/40",
    "status": "unused",
  },
  Object {
    "address": "tb1q3aqr7rc9selufk4cwk969k7tu9p94zgfzfmw2dvypw3tzkpfy23sgu9n9n",
    "path": "1/41",
    "status": "unused",
  },
  Object {
    "address": "tb1qrf0eg2yz8sfyldn66zztccpfy7sm75waf5ksncrau6l33qr5tgfsndj5r3",
    "path": "1/42",
    "status": "unused",
  },
  Object {
    "address": "tb1qzhf2en6txh4sudtpeczwkey280rk23hhw0qpmrrzuuxjfmzynytshtd0ey",
    "path": "1/43",
    "status": "unused",
  },
  Object {
    "address": "tb1q2k8wghl6q62t7hqyau0h24lewffvy9akwjcw68jfr2z2kxpazhlsw9dz9f",
    "path": "1/44",
    "status": "unused",
  },
  Object {
    "address": "tb1q5hly0a5x203gwttaat0d4rqk3zy7ekmyv90yusa0vawzkcg5fj6scflj3x",
    "path": "1/45",
    "status": "unused",
  },
  Object {
    "address": "tb1qxu95r2fhrqfjmnm25y4f33pcnernx64ms602ruerzjmtgufguagsc3rxu0",
    "path": "1/46",
    "status": "unused",
  },
  Object {
    "address": "tb1q5e2de4t0xg3jnn988vswkake0qnvz22uqy0s0hfmk27plvzqm9zqu4vfa2",
    "path": "1/47",
    "status": "unused",
  },
  Object {
    "address": "tb1q7wztc5wdw7nugw00tuemhlhjq7efjgugsdcn6sht4fhnquhu7a8szda5j7",
    "path": "1/48",
    "status": "unused",
  },
  Object {
    "address": "tb1qjwxc6e50edtmhajnm7kt36rjs7els4f2mvqrwc9yzrcdz54tj34syunpyv",
    "path": "1/49",
    "status": "unused",
  },
  Object {
    "address": "tb1qtwtnmx4n76tlnl5j6p7rp8t6yu32y03dngxm8ya3pwrs0jrn4sdqpvcyk4",
    "path": "1/50",
    "status": "unused",
  },
  Object {
    "address": "tb1qupyyudc53knneugdz7qynrdjjane88gkw7wclm7y936gfud3n8sqyuht2l",
    "path": "1/51",
    "status": "unused",
  },
  Object {
    "address": "tb1qxkl7njf7lyt9njr3tyhcxyt87y3262ayxyrz3at0c5ea9gdeaj9s8uhymq",
    "path": "1/52",
    "status": "unused",
  },
  Object {
    "address": "tb1qmk8dfg7dfzn9uesxtrwgcmgkneqclw39pnycndjscr35sxlnkqyqzcvn9x",
    "path": "1/53",
    "status": "unused",
  },
  Object {
    "address": "tb1q2exgm8edud2hdnngcze7n62j2n644npqlr7ffqmg35vkg25j9cjqyg5tnw",
    "path": "1/54",
    "status": "unused",
  },
  Object {
    "address": "tb1q5dkpaftvvmtsyg2dx3xqats9ql056zjurz92tqa4nqr2an5ku57stp2vxf",
    "path": "1/55",
    "status": "unused",
  },
  Object {
    "address": "tb1qp9sgh7rup2pf6xmj7pgc3nw833txgd3ergxqrpfcajzjzuvjsg0qqf8yad",
    "path": "1/56",
    "status": "unused",
  },
  Object {
    "address": "tb1qnd7t7jkn2xy4fwjzxuq6wkkglupmdeglzl4l6veqng0hsk22969svhf5t0",
    "path": "1/57",
    "status": "unused",
  },
  Object {
    "address": "tb1qftdrndcqtaalte848fkvmt5mhuy660585mug8hhz7cmzhzru2e8qvs6tts",
    "path": "1/58",
    "status": "unused",
  },
  Object {
    "address": "tb1qg5vt5fsvchq6243syv0lg8m4tsfdl976mh533f8l95xe32yrpkest64k8u",
    "path": "1/59",
    "status": "unused",
  },
  Object {
    "address": "tb1qfnkxkyhe6ex3dclaqlhvs4redcujw0xg6lv48m7cl2wcnqq5xcns0fplcg",
    "path": "1/60",
    "status": "unused",
  },
  Object {
    "address": "tb1qwamgd8289m2y7zg9422ppa3yx0y0l066qa0qh5ct7lwxx2jddx7qtexh8c",
    "path": "1/61",
    "status": "unused",
  },
  Object {
    "address": "tb1qpw3rfcmayuzpuc94wmuj6gnavu9j22fdgrn8asnly7wlmj4dl6dq9ehyhp",
    "path": "1/62",
    "status": "unused",
  },
  Object {
    "address": "tb1quapjvfnhv702zr35x6g5vhrd5k5rvwl83suzr0r3kxlhysrjkytszemkml",
    "path": "1/63",
    "status": "unused",
  },
  Object {
    "address": "tb1q8tgqllnasc04dc6gf9zzprm302g5ghe2hsgd3adh4xv4h8s3252qvm80cr",
    "path": "1/64",
    "status": "unused",
  },
  Object {
    "address": "tb1qxs06255k2ep0hu269jtc9adfqa6p2mc79rhlc6285af03fawda6sgdqszu",
    "path": "1/65",
    "status": "unused",
  },
  Object {
    "address": "tb1qutgaf4c72naj2dpp3gaywzhzx6khtw3qmdhaq8v5w858fa2gvlpqx6jj9r",
    "path": "1/66",
    "status": "unused",
  },
  Object {
    "address": "tb1qelp3lh2jk95xuhr6ffm9z5cg7552kjqknymtq0ja3nq5az3wg5hs34mt05",
    "path": "1/67",
    "status": "unused",
  },
  Object {
    "address": "tb1qhg4u5gadszqsve8zctx27q7eax4sw0mu06fe09992t84lqvg9aesghral4",
    "path": "1/68",
    "status": "unused",
  },
  Object {
    "address": "tb1qrq2zz4yrcj7njkk94d4x2csrukp0frvrpd2njnq8kmkntetfc2hq99enkc",
    "path": "1/69",
    "status": "unused",
  },
  Object {
    "address": "tb1q5xnxgjlvr2lqx79vg93hjscfdd7wpa7r3fjt2hepn6674amdm96s8jxpr9",
    "path": "1/70",
    "status": "unused",
  },
  Object {
    "address": "tb1q6z83sjh07p02r7rp9ag27gyvk4z9ar69n25evqj55gusj6j2c9ssseny7v",
    "path": "1/71",
    "status": "unused",
  },
  Object {
    "address": "tb1qalvh74f04fshu0ee0v0r6g6hnk5py4rxzx9dd9sy4970rnwrlaxs9l8e5z",
    "path": "1/72",
    "status": "unused",
  },
  Object {
    "address": "tb1qqc0f803ytqapulw4zdc5zju42mq9ukkljd9ggr88hk8z6u30kn6smpdz6j",
    "path": "1/73",
    "status": "unused",
  },
  Object {
    "address": "tb1qm7d7rruqh9gxnf3yj97xr4ayaqne38ycuhhcw4eczkng9ahglals7zve82",
    "path": "1/74",
    "status": "unused",
  },
  Object {
    "address": "tb1q3puafp92tfzh5psacmq67mdf4u5qanmjj947enllxq82vqfg4e6qw5euxx",
    "path": "1/75",
    "status": "unused",
  },
  Object {
    "address": "tb1q685rg422fazvptysmcy6nh3cwhmhzun6grw05kjqxvj4kf4sqvns532368",
    "path": "1/76",
    "status": "unused",
  },
  Object {
    "address": "tb1q98sq5smaaxmd0edd5zxg2e0npcxuel20rp54fnd39dg2jluzeqgqngcssf",
    "path": "1/77",
    "status": "unused",
  },
  Object {
    "address": "tb1q3c5lvr0k66tnt04405gaux6w9j670f2mzmmcnyylzlqdd2zqvtjqu8teds",
    "path": "1/78",
    "status": "unused",
  },
  Object {
    "address": "tb1qpeda44c4f3fn2nqunsweytzkuq3xleexfxn94h7p6taa4n0uavvq3xnru6",
    "path": "1/79",
    "status": "unused",
  },
  Object {
    "address": "tb1qc0puyp9n6js5edgeq95hgj4yg7c7psqwz3vfanhlndkk8pg2tphq8ss63a",
    "path": "1/80",
    "status": "unused",
  },
  Object {
    "address": "tb1qpfvjq86mk48tpsjjrx2v5qjtkxxw8vzjplwwh3uy9fhnq2h5232svaxlm4",
    "path": "1/81",
    "status": "unused",
  },
  Object {
    "address": "tb1q55sfpe3s0ddqh6xjzpdhpjfhqn3t8na042lpma40c4prevsyz8mspqzwn0",
    "path": "1/82",
    "status": "unused",
  },
  Object {
    "address": "tb1qxlp64rgc39jcvkasdndkxdt48uyqddws875n0l627z4468eercls3k5uxs",
    "path": "1/83",
    "status": "unused",
  },
  Object {
    "address": "tb1q8wpundsj7vr5p4tx5pza06s4g7f0r99xtd7euqhqy63pwafu63dq59gxem",
    "path": "1/84",
    "status": "unused",
  },
  Object {
    "address": "tb1qunaqu7m3908ra7re78eu9vc74zl2rqsaxvr9qs2yqjhkumx936tsddmv7z",
    "path": "1/85",
    "status": "unused",
  },
  Object {
    "address": "tb1qp4kye7xax60gqsh0wesvrq3gq2crxcqcwkjdax8rxk26qevkzrsq4fjhf7",
    "path": "1/86",
    "status": "unused",
  },
  Object {
    "address": "tb1qx59mhqfwqp9gprt8qujcacmuv263w866ttuskpc9svrgk7l89j2stgpf2l",
    "path": "1/87",
    "status": "unused",
  },
  Object {
    "address": "tb1qn262y3d0szjzhkg0dl287qpxkt3n9skvk7asgl5zdklakja8ahhqj5za05",
    "path": "1/88",
    "status": "unused",
  },
  Object {
    "address": "tb1qxe62ljrd3uasncs5vmxk8d6qwwrcfljasjm6qsr0jkv6z8h6jg6s7p4a79",
    "path": "1/89",
    "status": "unused",
  },
  Object {
    "address": "tb1qn6ev5cgcc4v0007u6xq632e77ku4w899jredy57a5mgpyvsqkeusrfrnug",
    "path": "1/90",
    "status": "unused",
  },
  Object {
    "address": "tb1qvyzxerka6au4re0y02437ya2f09aad6nks36l6u6gxv3s3cxas5s8qmv6j",
    "path": "1/91",
    "status": "unused",
  },
  Object {
    "address": "tb1qfhydy46auksshl893tm6crpnp4tdyhzymcns025mtuhh7pwxkgeqprvjp2",
    "path": "1/92",
    "status": "unused",
  },
  Object {
    "address": "tb1qt4dp2cgklaugaax5yxhpaguy92203tajxwxhgu5vxwd6ml0r3h7qq7gznu",
    "path": "1/93",
    "status": "unused",
  },
  Object {
    "address": "tb1q94e3ygwjscqntm5jw4zpwggjhnnql0eundjvzqctds920pv38w4q4jl20v",
    "path": "1/94",
    "status": "unused",
  },
  Object {
    "address": "tb1qz2acgyh2hy7hk93av6750695ykjw6yw6h7300azr470my2d26ngqw6cv28",
    "path": "1/95",
    "status": "unused",
  },
  Object {
    "address": "tb1qg57w722xc59xe4rsw5z7ddu825fqfa5qv3jtsmdtl3h56r9ct9ysnqftnh",
    "path": "1/96",
    "status": "unused",
  },
  Object {
    "address": "tb1qm59tcqsg2kpj9ry05ldr7f5cqka9alw24npy8khsrt3qhjqjmtjsa3lzvn",
    "path": "1/97",
    "status": "unused",
  },
  Object {
    "address": "tb1qut73xxg08heks0gjaxst9c8mlrydqpqdafan0r030gzsw9s9uvzqdqt0g9",
    "path": "1/98",
    "status": "unused",
  },
  Object {
    "address": "tb1q4mdcnyz30j3j97mrtywwjy409l9gvgeqakwaedudctcp9gnunceqkt3lyf",
    "path": "1/99",
    "status": "unused",
  },
]
`;
