// Jest Snapshot v1, https://goo.gl/fbAQLP

exports[`ConfirmedTransactionData should succeed 1`] = `
Array [
  Object {
    "address": "1Ct7Aivo3jBhabLW8MRkzf28M1QHuqDWCg",
    "amount": 62600000,
  },
]
`;

exports[`ConfirmedTransactionData should succeed 2`] = `
Array [
  Object {
    "address": "1DVGtxX1ox92cQ5uMrXBL8snE3Agkt9zPr",
    "amount": 62050000,
  },
  Object {
    "address": "19N3CU2B775pk9E38Ebs3EwhAyrPUBZ7Jz",
    "amount": 100000,
  },
  Object {
    "address": "1FaT9yh2UVJW68ugwvoMkmZPemZjpduX9B",
    "amount": 100000,
  },
  Object {
    "address": "12C1rVsgUUNKfFYWQ9X18M38c4hsGV9T5w",
    "amount": 100000,
  },
  Object {
    "address": "1NfjJVvACPArTywVPraMQPyie5mL9NkHbF",
    "amount": 100000,
  },
  Object {
    "address": "13RCWHB1btpym5vX7Yu9Gq9ki66VVvLABy",
    "amount": 100000,
  },
]
`;

exports[`ConfirmedTransactionData should succeed 3`] = `
Array [
  UnspentTransactionData {},
]
`;

exports[`ConfirmedTransactionData should succeed 4`] = `
Array [
  UnspentTransactionData {},
  UnspentTransactionData {},
  UnspentTransactionData {},
  UnspentTransactionData {},
  UnspentTransactionData {},
  UnspentTransactionData {},
]
`;
